// Jest Snapshot v1, https://goo.gl/fbAQLP

exports[`render logItem components should render properly wihout any props 1`] = `
<View
  style={
    Object {
      "marginTop": 32,
      "paddingHorizontal": 24,
    }
  }
>
  <Text
    style={
      Array [
        Object {
          "fontSize": 24,
          "fontWeight": "600",
        },
        Object {
          "color": "#000",
        },
      ]
    }
  >
    Action sheet
  </Text>
  <Text
    style={
      Array [
        Object {
          "fontSize": 18,
          "fontWeight": "400",
          "marginTop": 8,
        },
        Object {
          "color": "#444",
        },
      ]
    }
  />
  <View
    accessibilityRole="button"
    accessible={true}
    collapsable={false}
    focusable={true}
    onClick={[Function]}
    onResponderGrant={[Function]}
    onResponderMove={[Function]}
    onResponderRelease={[Function]}
    onResponderTerminate={[Function]}
    onResponderTerminationRequest={[Function]}
    onStartShouldSetResponder={[Function]}
    style={
      Object {
        "opacity": 1,
      }
    }
  >
    <View
      style={
        Array [
          Object {},
        ]
      }
    >
      <Text
        style={
          Array [
            Object {
              "color": "#007AFF",
              "fontSize": 18,
              "margin": 8,
              "textAlign": "center",
            },
          ]
        }
      >
        Menu
      </Text>
    </View>
  </View>
</View>
`;
